Starting Metro Bundler
Web Bundled 529ms node_modules/expo/AppEntry.js (1 module)
Android Bundled 1272ms node_modules/expo/AppEntry.js (721 modules)
iOS Bundled 1984ms node_modules/expo/AppEntry.js (203 modules)

› Assets (6):
assets/audio/music-farm-ambient.08c98c5ecd555dda807621ebde521098.wav (4.46 MB)
assets/audio/music-farm-ambient.wav (4.46 MB)
assets/audio/sfx-correct.2caa6eda898011ff98deac3a9d5c4348.wav (54.3 kB)
assets/audio/sfx-correct.wav (54.3 kB)
assets/audio/sfx-session-end.92eede423834df9954884f971238b381.wav (156 kB)
assets/audio/sfx-session-end.wav (156 kB)

› web bundles (1):
_expo/static/js/web/AppEntry-e1f1e2d9f7f82cc56a767f651e67e790.js (489 kB)

› android bundles (1):
_expo/static/js/android/AppEntry-156fb84909fa77d5aefcc876f17c12e3.hbc (2.01 MB)

› ios bundles (1):
_expo/static/js/ios/AppEntry-b53ed2e889735da635c8f3622aba7192.hbc (2.01 MB)

› Files (2):
index.html (1.18 kB)
metadata.json (626 B)

Exported: dist
